Microchip MPLAB XC8 Compiler V2.40

Linker command line:

-W-3 \
  --edf=C:\Program Files\Microchip\xc8\v2.40\pic\dat\20220703182018_en.msgs \
  -cn -h+dist/default/production\Proyecto.X.production.sym \
  --cmf=dist/default/production\Proyecto.X.production.cmf -z -Q18F4550 \
  -oC:\Users\Andres\AppData\Local\Temp\xcAskls.4 \
  -Mdist/default/production/Proyecto.X.production.map \
  --md=C:\Users\Andres\AppData\Local\Temp\xcAskls.dat -E1 -ver=XC8 Compiler \
  -ACODE=00h-07FFFh -ACONST=00h-07FFFh -ASMALLCONST=0800h-08FFhx120 \
  -AMEDIUMCONST=0800h-07FFFh -ACOMRAM=01h-05Fh -AABS1=00h-07FFh \
  -ABIGRAM=01h-07FFh -ARAM=060h-0FFh,0100h-01FFhx7 -ABANK0=060h-0FFh \
  -ABANK1=0100h-01FFh -ABANK2=0200h-02FFh -ABANK3=0300h-03FFh \
  -ABANK4=0400h-04FFh -ABANK5=0500h-05FFh -ABANK6=0600h-06FFh \
  -ABANK7=0700h-07FFh -ASFR=0F60h-0FFFh -ABIGSFR=0F60h-0FFFh \
  -ACONFIG=0300000h-030000Dh -AIDLOC=0200000h-0200007h \
  -AEEDATA=0F00000h-0F000FFh -peeprom_data=EEDATA \
  -preset_vec=00h,intcode=08h,intcodelo,powerup,init -pramtop=0800h \
  -psmallconst=SMALLCONST -pmediumconst=MEDIUMCONST -pconst=CONST \
  -AFARRAM=00h-00h \
  -prdata=COMRAM,nvrram=COMRAM,nvbit=COMRAM,rbss=COMRAM,rbit=COMRAM \
  -pfarbss=FARRAM,fardata=FARRAM,nvFARRAM=FARRAM \
  -pintsave_regs=BIGRAM,bigbss=BIGRAM,bigdata=BIGRAM -pbss=RAM \
  -pidata=CODE,irdata=CODE,ibigdata=CODE,ifardata=CODE -prparam=COMRAM \
  C:\Users\Andres\AppData\Local\Temp\xcAskls.obj \
  dist/default/production\Proyecto.X.production.obj 

Object code version is 3.11

Machine type is 18F4550



                Name                               Link     Load   Length Selector   Space Scale
C:\Users\Andres\AppData\Local\Temp\xcAskls.obj
                idloc                            200000   200000        8        0       5
                config                           300000   300000        E        0       4
                init                                  E        E        4        4       0
                reset_vec                             0        0        4        0       0
dist/default/production\Proyecto.X.production.obj
                intcode                               8        8        6        4       0
                idloc                            200000   200000        8        0       5
                config                           300000   300000        E        0       4
                temp                                 4E       4E        1        1       1
                smallconst                          800      800       4C      400       0
                text32                             108E     108E       CE      426       0
                text31                             17DC     17DC        E      426       0
                text30                             13CA     13CA       66      426       0
                text29                             1564     1564       46      426       0
                text28                             17AA     17AA       14      426       0
                text27                             176C     176C       16      426       0
                text26                             14D0     14D0       4E      426       0
                intcode_body                        D7E      D7E      14A      426       0
                text24                             1796     1796       14      426       0
                text23                             17CE     17CE        E      426       0
                text22                             1364     1364       66      426       0
                text21                             151E     151E       46      426       0
                text20                             1782     1782       14      426       0
                text19                             115C     115C       9C      426       0
                text18                             169A     169A       30      426       0
                text17                             171E     171E       22      426       0
                text16                             1662     1662       38      426       0
                text15                              FBC      FBC       D2      426       0
                text14                             16CA     16CA       2E      426       0
                text13                             1756     1756       16      426       0
                text12                             15EC     15EC       3C      426       0
                text11                             1740     1740       16      426       0
                text10                             127C     127C       78      426       0
                text9                              1482     1482       4E      426       0
                text8                              17EA     17EA        C      426       0
                text7                              11F8     11F8       84      426       0
                text6                              12F4     12F4       70      426       0
                text5                              1430     1430       52      426       0
                text4                              15AA     15AA       42      426       0
                text3                              16F8     16F8       26      426       0
                text2                               84C      84C      2FE      426       0
                text1                               EC8      EC8       F4      426       0
                text0                               B4A      B4A      234      426       0
                cstackCOMRAM                          1        1       31        1       1
                dataCOMRAM                           32       32       10        1       1
                bssCOMRAM                            42       42        C        1       1
                cinit                              1628     1628       3A      426       0
                idataCOMRAM                        17BE     17BE       10      426       0

TOTAL           Name                               Link     Load   Length     Space
        CLASS   CODE           
                intcode                               8        8        6         0
                init                                  E        E        4         0
                reset_vec                             0        0        4         0
                text32                             108E     108E       CE         0
                text31                             17DC     17DC        E         0
                text30                             13CA     13CA       66         0
                text29                             1564     1564       46         0
                text28                             17AA     17AA       14         0
                text27                             176C     176C       16         0
                text26                             14D0     14D0       4E         0
                intcode_body                        D7E      D7E      14A         0
                text24                             1796     1796       14         0
                text23                             17CE     17CE        E         0
                text22                             1364     1364       66         0
                text21                             151E     151E       46         0
                text20                             1782     1782       14         0
                text19                             115C     115C       9C         0
                text18                             169A     169A       30         0
                text17                             171E     171E       22         0
                text16                             1662     1662       38         0
                text15                              FBC      FBC       D2         0
                text14                             16CA     16CA       2E         0
                text13                             1756     1756       16         0
                text12                             15EC     15EC       3C         0
                text11                             1740     1740       16         0
                text10                             127C     127C       78         0
                text9                              1482     1482       4E         0
                text8                              17EA     17EA        C         0
                text7                              11F8     11F8       84         0
                text6                              12F4     12F4       70         0
                text5                              1430     1430       52         0
                text4                              15AA     15AA       42         0
                text3                              16F8     16F8       26         0
                text2                               84C      84C      2FE         0
                text1                               EC8      EC8       F4         0
                text0                               B4A      B4A      234         0
                cinit                              1628     1628       3A         0
                idataCOMRAM                        17BE     17BE       10         0

        CLASS   CONST          

        CLASS   SMALLCONST     
                smallconst                          800      800       4C         0

        CLASS   MEDIUMCONST    

        CLASS   COMRAM         
                temp                                 4E       4E        1         1
                cstackCOMRAM                          1        1       31         1
                dataCOMRAM                           32       32       10         1
                bssCOMRAM                            42       42        C         1

        CLASS   ABS1           

        CLASS   BIGRAM         

        CLASS   RAM            

        CLASS   BANK0          

        CLASS   BANK1          

        CLASS   BANK2          

        CLASS   BANK3          

        CLASS   BANK4          

        CLASS   BANK5          

        CLASS   BANK6          

        CLASS   BANK7          

        CLASS   SFR            

        CLASS   BIGSFR         

        CLASS   CONFIG         
                config                           300000   300000        E         4

        CLASS   IDLOC          
                idloc                            200000   200000        8         5

        CLASS   EEDATA         

        CLASS   FARRAM         

        CLASS   HEAP           

        CLASS   STACK          



SEGMENTS        Name                           Load    Length   Top    Selector   Space  Class

                reset_vec                      000000  000004  000004         0       0  CODE    
                cstackCOMRAM                   000001  00004E  00004F         1       1  COMRAM  
                intcode                        000008  00000A  000012         4       0  CODE    
                smallconst                     000800  00004C  00084C       400       0  SMALLCON
                text2                          00084C  000FAA  0017F6       426       0  CODE    


UNUSED ADDRESS RANGES

        Name                Unused          Largest block    Delta
        BANK0            000060-0000FF               A0
        BANK1            000100-0001FF              100
        BANK2            000200-0002FF              100
        BANK3            000300-0003FF              100
        BANK4            000400-0004FF              100
        BANK5            000500-0005FF              100
        BANK6            000600-0006FF              100
        BANK7            000700-0007FF              100
        BIGRAM           00004F-0007FF              7B1
        BIGSFR           000F60-000FFF               A0
        CODE             000004-000007                4
                         000012-0007FF              7EE
                         0017F6-007FFF             680A
        COMRAM           00004F-00005F               11
        CONST            000004-000007                4
                         000012-0007FF              7EE
                         0017F6-007FFF             680A
        EEDATA           F00000-F000FF              100
        MEDIUMCONST      0017F6-007FFF             680A
        RAM              000060-0007FF              100
        SFR              000F60-000FFF               A0
        SMALLCONST       0017F6-007FFF              100

                                  Symbol Table

?_Password                 cstackCOMRAM 000015
?___awdiv                  cstackCOMRAM 000010
?___awmod                  cstackCOMRAM 000018
?___lwdiv                  cstackCOMRAM 000010
?___lwmod                  cstackCOMRAM 000010
?___wmul                   cstackCOMRAM 000010
ComandoLCD@data            cstackCOMRAM 000011
ConvertirUnidades@canal    cstackCOMRAM 000010
DireccionaLCD@a            cstackCOMRAM 000014
EnviaDato@a                cstackCOMRAM 000013
EscribeLCD_c@a             cstackCOMRAM 000014
LeerBit@res                cstackCOMRAM 000010
LeerByte@i                 cstackCOMRAM 000013
LeerByte@res               cstackCOMRAM 000012
MensajeLCD_Word@a          cstackCOMRAM 000015
MensajeLCD_Word@i          cstackCOMRAM 000017
NuevoCaracter@addr         cstackCOMRAM 000016
NuevoCaracter@c            cstackCOMRAM 000015
NuevoCaracter@i            cstackCOMRAM 000017
Password@F3203             dataCOMRAM   000032
Password@access            cstackCOMRAM 00001D
Password@i                 cstackCOMRAM 00001F
Password@pass              cstackCOMRAM 000015
Password@secret            cstackCOMRAM 000019
RetardoLCD@a               cstackCOMRAM 000011
Transmitir@BufferT         cstackCOMRAM 000010
TransmitirDatos@Ent1       cstackCOMRAM 00001E
TransmitirDatos@Ent2       cstackCOMRAM 000020
TransmitirDatos@TempC      cstackCOMRAM 00002C
Velocidad@val              cstackCOMRAM 000010
_ADCON0                    (abs)        000FC2
_ADCON1                    (abs)        000FC1
_ADCON2                    (abs)        000FC0
_ADRES                     (abs)        000FC3
_BorraLCD                  text20       001782
_CCP1CON                   (abs)        000FBD
_CCP2CON                   (abs)        000FBA
_CCPR1L                    (abs)        000FBE
_CCPR2                     (abs)        000FBB
_ComandoLCD                text14       0016CA
_Cont                      dataCOMRAM   000038
_ConvertirUnidades         text24       001796
_DireccionaLCD             text11       001740
_EnviaDato                 text21       00151E
_EscribeLCD_c              text13       001756
_GIE                       (abs)        007F97
_GO                        (abs)        007E11
_HabilitaLCD               text23       0017CE
_ISR                       intcode      000008
_InicializaLCD             text19       00115C
_LATB                      (abs)        000F8A
_LATD                      (abs)        000F8C
_LATE1                     (abs)        007C69
_LATE2                     (abs)        007C6A
_LeerBit                   text18       00169A
_LeerByte                  text17       00171E
_LeerHT11                  text16       001662
_LeerTeclado               text32       00108E
_MensajeLCD_Word           text9        001482
_Movimiento                text15       000FBC
_NuevoCaracter             text12       0015EC
_OSCCON                    (abs)        000FD3
_PEIE                      (abs)        007F96
_PORTB                     (abs)        000F81
_PR2                       (abs)        000FCB
_Password                  text10       00127C
_RA5                       (abs)        007C05
_RB4                       (abs)        007C0C
_RB5                       (abs)        007C0D
_RB6                       (abs)        007C0E
_RB7                       (abs)        007C0F
_RBIE                      (abs)        007F93
_RBIF                      (abs)        007F90
_RBPU                      (abs)        007F8F
_RC2                       (abs)        007C12
_RCREG                     (abs)        000FAE
_RCSTA                     (abs)        000FAB
_RE0                       (abs)        007C20
_RetardoLCD                text22       001364
_SPBRG                     (abs)        000FAF
_T0CON                     (abs)        000FD5
_T1CON                     (abs)        000FCD
_T2CON                     (abs)        000FCA
_TMR0                      (abs)        000FD6
_TMR0IE                    (abs)        007F95
_TMR0IF                    (abs)        007F92
_TMR0ON                    (abs)        007EAF
_TMR1                      (abs)        000FCE
_TMR1IE                    (abs)        007CE8
_TMR1IF                    (abs)        007CF0
_TMR1ON                    (abs)        007E68
_TMR2                      (abs)        000FCC
_TMR2ON                    (abs)        007E52
_TRISA                     (abs)        000F92
_TRISA5                    (abs)        007C95
_TRISB                     (abs)        000F93
_TRISC                     (abs)        000F94
_TRISC1                    (abs)        007CA1
_TRISC2                    (abs)        007CA2
_TRISC6                    (abs)        007CA6
_TRISC7                    (abs)        007CA7
_TRISD                     (abs)        000F95
_TRISE0                    (abs)        007CB0
_TRISE1                    (abs)        007CB1
_TRISE2                    (abs)        007CB2
_TRMT                      (abs)        007D61
_TXREG                     (abs)        000FAD
_TXSTA                     (abs)        000FAC
_Tecla                     bssCOMRAM    000048
_Temp                      bssCOMRAM    000049
_Transmitir                text8        0017EA
_TransmitirDatos           text2        00084C
_TransmitirDatos$226       cstackCOMRAM 000022
_TransmitirDatos$227       cstackCOMRAM 000024
_TransmitirDatos$229       cstackCOMRAM 000026
_TransmitirDatos$230       cstackCOMRAM 000028
_TransmitirDatos$869       cstackCOMRAM 00002A
_USBEN                     (abs)        007B6B
_UTRDIS                    (abs)        007B7B
_Velocidad                 text1        000EC8
__HRAM                     (abs)        000000
__Habs1                    abs1         000000
__Hbank0                   bank0        000000
__Hbank1                   bank1        000000
__Hbank2                   bank2        000000
__Hbank3                   bank3        000000
__Hbank4                   bank4        000000
__Hbank5                   bank5        000000
__Hbank6                   bank6        000000
__Hbank7                   bank7        000000
__Hbigbss                  bigbss       000000
__Hbigdata                 bigdata      000000
__Hbigram                  bigram       000000
__Hbigsfr                  bigsfr       000000
__Hbss                     bss          000000
__HbssCOMRAM               bssCOMRAM    000000
__Hcinit                   cinit        000000
__Hclrtext                 clrtext      000000
__Hcomram                  comram       000000
__Hconfig                  config       30000E
__Hconst                   const        000000
__HcstackCOMRAM            cstackCOMRAM 000000
__Hdata                    data         000000
__HdataCOMRAM              dataCOMRAM   000000
__Heeprom_data             eeprom_data  000000
__Hfarbss                  farbss       000000
__Hfardata                 fardata      000000
__Hheap                    heap         000000
__Hibigdata                ibigdata     000000
__Hidata                   idata        000000
__HidataCOMRAM             idataCOMRAM  000000
__Hidloc                   idloc        200008
__Hifardata                ifardata     000000
__Hinit                    init         000012
__Hintcode                 intcode      00000E
__Hintcode_body            intcode_body 000000
__Hintcodelo               intcodelo    00000E
__Hintentry                intentry     000000
__Hintret                  intret       000000
__Hintsave_regs            intsave_regs 000000
__Hirdata                  irdata       000000
__Hmediumconst             mediumconst  000000
__HnvFARRAM                nvFARRAM     000000
__Hnvbit                   nvbit        000000
__Hnvrram                  nvrram       000000
__Hparam                   rparam       000000
__Hpowerup                 powerup      00000E
__Hram                     ram          000000
__Hramtop                  ramtop       000800
__Hrbit                    rbit         000000
__Hrbss                    rbss         000000
__Hrdata                   rdata        000000
__Hreset_vec               reset_vec    000004
__Hrparam                  rparam       000000
__Hsfr                     sfr          000000
__Hsmallconst              smallconst   00084C
__Hspace_0                 (abs)        0017F6
__Hspace_1                 (abs)        00004F
__Hspace_2                 (abs)        000000
__Hspace_4                 (abs)        60000E
__Hstack                   stack        000000
__Hstruct                  struct       000000
__Htemp                    temp         00004F
__Htext                    text         000000
__Htext0                   text0        000000
__Htext1                   text1        000000
__Htext10                  text10       000000
__Htext11                  text11       000000
__Htext12                  text12       000000
__Htext13                  text13       000000
__Htext14                  text14       000000
__Htext15                  text15       000000
__Htext16                  text16       000000
__Htext17                  text17       000000
__Htext18                  text18       000000
__Htext19                  text19       000000
__Htext2                   text2        000000
__Htext20                  text20       000000
__Htext21                  text21       000000
__Htext22                  text22       000000
__Htext23                  text23       000000
__Htext24                  text24       000000
__Htext26                  text26       000000
__Htext27                  text27       000000
__Htext28                  text28       000000
__Htext29                  text29       000000
__Htext3                   text3        000000
__Htext30                  text30       000000
__Htext31                  text31       000000
__Htext32                  text32       000000
__Htext4                   text4        000000
__Htext5                   text5        000000
__Htext6                   text6        000000
__Htext7                   text7        000000
__Htext8                   text8        000000
__Htext9                   text9        000000
__LRAM                     (abs)        000001
__Labs1                    abs1         000000
__Lbank0                   bank0        000000
__Lbank1                   bank1        000000
__Lbank2                   bank2        000000
__Lbank3                   bank3        000000
__Lbank4                   bank4        000000
__Lbank5                   bank5        000000
__Lbank6                   bank6        000000
__Lbank7                   bank7        000000
__Lbigbss                  bigbss       000000
__Lbigdata                 bigdata      000000
__Lbigram                  bigram       000000
__Lbigsfr                  bigsfr       000000
__Lbss                     bss          000000
__LbssCOMRAM               bssCOMRAM    000000
__Lcinit                   cinit        000000
__Lclrtext                 clrtext      000000
__Lcomram                  comram       000000
__Lconfig                  config       000000
__Lconst                   const        000000
__LcstackCOMRAM            cstackCOMRAM 000000
__Ldata                    data         000000
__LdataCOMRAM              dataCOMRAM   000000
__Leeprom_data             eeprom_data  000000
__Lfarbss                  farbss       000000
__Lfardata                 fardata      000000
__Lheap                    heap         000000
__Libigdata                ibigdata     000000
__Lidata                   idata        000000
__LidataCOMRAM             idataCOMRAM  000000
__Lidloc                   idloc        000000
__Lifardata                ifardata     000000
__Linit                    init         00000E
__Lintcode                 intcode      000008
__Lintcode_body            intcode_body 000000
__Lintcodelo               intcodelo    00000E
__Lintentry                intentry     000000
__Lintret                  intret       000000
__Lintsave_regs            intsave_regs 000000
__Lirdata                  irdata       000000
__Lmediumconst             mediumconst  000000
__LnvFARRAM                nvFARRAM     000000
__Lnvbit                   nvbit        000000
__Lnvrram                  nvrram       000000
__Lparam                   rparam       000000
__Lpowerup                 powerup      00000E
__Lram                     ram          000000
__Lramtop                  ramtop       000800
__Lrbit                    rbit         000000
__Lrbss                    rbss         000000
__Lrdata                   rdata        000000
__Lreset_vec               reset_vec    000000
__Lrparam                  rparam       000000
__Lsfr                     sfr          000000
__Lsmallconst              smallconst   000800
__Lspace_0                 (abs)        000000
__Lspace_1                 (abs)        000000
__Lspace_2                 (abs)        000000
__Lspace_4                 (abs)        000000
__Lstack                   stack        000000
__Lstruct                  struct       000000
__Ltemp                    temp         00004E
__Ltext                    text         000000
__Ltext0                   text0        000000
__Ltext1                   text1        000000
__Ltext10                  text10       000000
__Ltext11                  text11       000000
__Ltext12                  text12       000000
__Ltext13                  text13       000000
__Ltext14                  text14       000000
__Ltext15                  text15       000000
__Ltext16                  text16       000000
__Ltext17                  text17       000000
__Ltext18                  text18       000000
__Ltext19                  text19       000000
__Ltext2                   text2        000000
__Ltext20                  text20       000000
__Ltext21                  text21       000000
__Ltext22                  text22       000000
__Ltext23                  text23       000000
__Ltext24                  text24       000000
__Ltext26                  text26       000000
__Ltext27                  text27       000000
__Ltext28                  text28       000000
__Ltext29                  text29       000000
__Ltext3                   text3        000000
__Ltext30                  text30       000000
__Ltext31                  text31       000000
__Ltext32                  text32       000000
__Ltext4                   text4        000000
__Ltext5                   text5        000000
__Ltext6                   text6        000000
__Ltext7                   text7        000000
__Ltext8                   text8        000000
__Ltext9                   text9        000000
__S0                       (abs)        0017F6
__S1                       (abs)        00004F
__S4                       (abs)        000000
__S5                       (abs)        000000
___awdiv                   text7        0011F8
___awdiv@counter           cstackCOMRAM 000014
___awdiv@dividend          cstackCOMRAM 000010
___awdiv@divisor           cstackCOMRAM 000012
___awdiv@quotient          cstackCOMRAM 000016
___awdiv@sign              cstackCOMRAM 000015
___awmod                   text6        0012F4
___awmod@counter           cstackCOMRAM 00001C
___awmod@dividend          cstackCOMRAM 000018
___awmod@divisor           cstackCOMRAM 00001A
___awmod@sign              cstackCOMRAM 00001D
___heap_hi                 (abs)        000000
___heap_lo                 (abs)        000000
___inthi_sp                stack        000000
___intlo_sp                stack        000000
___lwdiv                   text5        001430
___lwdiv@counter           cstackCOMRAM 000016
___lwdiv@dividend          cstackCOMRAM 000010
___lwdiv@divisor           cstackCOMRAM 000012
___lwdiv@quotient          cstackCOMRAM 000014
___lwmod                   text4        0015AA
___lwmod@counter           cstackCOMRAM 000014
___lwmod@dividend          cstackCOMRAM 000010
___lwmod@divisor           cstackCOMRAM 000012
___param_bank              (abs)        000000
___rparam_used             (abs)        000001
___sp                      stack        000000
___wmul                    text3        0016F8
___wmul@multiplicand       cstackCOMRAM 000012
___wmul@multiplier         cstackCOMRAM 000010
___wmul@product            cstackCOMRAM 000014
__accesstop                (abs)        000060
__activetblptr             (abs)        000002
__end_of_BorraLCD          text20       001796
__end_of_ComandoLCD        text14       0016F8
__end_of_ConvertirUnidades text24       0017AA
__end_of_DireccionaLCD     text11       001756
__end_of_EnviaDato         text21       001564
__end_of_EscribeLCD_c      text13       00176C
__end_of_HabilitaLCD       text23       0017DC
__end_of_ISR               intcode_body 000EC8
__end_of_InicializaLCD     text19       0011F8
__end_of_LeerBit           text18       0016CA
__end_of_LeerByte          text17       001740
__end_of_LeerHT11          text16       00169A
__end_of_LeerTeclado       text32       00115C
__end_of_MensajeLCD_Word   text9        0014D0
__end_of_Movimiento        text15       00108E
__end_of_NuevoCaracter     text12       001628
__end_of_Password          text10       0012F4
__end_of_RetardoLCD        text22       0013CA
__end_of_Transmitir        text8        0017F6
__end_of_TransmitirDatos   text2        000B4A
__end_of_Velocidad         text1        000FBC
__end_of___awdiv           text7        00127C
__end_of___awmod           text6        001364
__end_of___lwdiv           text5        001482
__end_of___lwmod           text4        0015EC
__end_of___wmul            text3        00171E
__end_of__initialization   cinit        001654
__end_of_main              text0        000D7E
__end_ofi2_BorraLCD        text28       0017BE
__end_ofi2_EnviaDato       text29       0015AA
__end_ofi2_EscribeLCD_c    text27       001782
__end_ofi2_HabilitaLCD     text31       0017EA
__end_ofi2_MensajeLCD_Word text26       00151E
__end_ofi2_RetardoLCD      text30       001430
__initialization           cinit        001628
__mediumconst              mediumconst  000000
__pbssCOMRAM               bssCOMRAM    000042
__pcinit                   cinit        001628
__pcstackCOMRAM            cstackCOMRAM 000001
__pdataCOMRAM              dataCOMRAM   000032
__pidataCOMRAM             idataCOMRAM  0017BE
__pintcode                 intcode      000008
__pintcode_body            intcode_body 000D7E
__psmallconst              smallconst   000800
__ptext0                   text0        000B4A
__ptext1                   text1        000EC8
__ptext10                  text10       00127C
__ptext11                  text11       001740
__ptext12                  text12       0015EC
__ptext13                  text13       001756
__ptext14                  text14       0016CA
__ptext15                  text15       000FBC
__ptext16                  text16       001662
__ptext17                  text17       00171E
__ptext18                  text18       00169A
__ptext19                  text19       00115C
__ptext2                   text2        00084C
__ptext20                  text20       001782
__ptext21                  text21       00151E
__ptext22                  text22       001364
__ptext23                  text23       0017CE
__ptext24                  text24       001796
__ptext26                  text26       0014D0
__ptext27                  text27       00176C
__ptext28                  text28       0017AA
__ptext29                  text29       001564
__ptext3                   text3        0016F8
__ptext30                  text30       0013CA
__ptext31                  text31       0017DC
__ptext32                  text32       00108E
__ptext4                   text4        0015AA
__ptext5                   text5        001430
__ptext6                   text6        0012F4
__ptext7                   text7        0011F8
__ptext8                   text8        0017EA
__ptext9                   text9        001482
__ramtop                   ramtop       000800
__smallconst               smallconst   000800
_a                         dataCOMRAM   000036
_c                         bssCOMRAM    000046
_cara                      dataCOMRAM   00003A
_ing                       bssCOMRAM    00004A
_interfaz                  dataCOMRAM   000039
_main                      text0        000B4A
_teclaIf                   bssCOMRAM    000044
_teclaRecibidaIf           bssCOMRAM    000042
btemp                      temp         00004E
end_of_initialization      cinit        001654
i2EnviaDato@a              cstackCOMRAM 000004
i2EscribeLCD_c@a           cstackCOMRAM 000005
i2MensajeLCD_Word@a        cstackCOMRAM 000006
i2MensajeLCD_Word@i        cstackCOMRAM 000008
i2RetardoLCD@a             cstackCOMRAM 000002
i2_BorraLCD                text28       0017AA
i2_EnviaDato               text29       001564
i2_EscribeLCD_c            text27       00176C
i2_HabilitaLCD             text31       0017DC
i2_MensajeLCD_Word         text26       0014D0
i2_RetardoLCD              text30       0013CA
int$flags                  temp         00004E
int_func                   intcode_body 000D7E
intlevel0                  text         000000
intlevel1                  text         000000
intlevel2                  text         000000
intlevel3                  text         000000
isa$std                    (abs)        000001
isa$xinst                  (abs)        000000
main@i                     cstackCOMRAM 000030
stackhi                    (abs)        000000
stacklo                    (abs)        000000
start                      init         00000E
start_initialization       cinit        001628
ttemp5                     temp         00004F
ttemp6                     temp         000052
ttemp7                     temp         000056
wtemp8                     temp         00004F


MODULE INFORMATION

Module		Function		Class		Link	Load	Size
Proyecto.c
		_TransmitirDatos		CODE           	084C	0000	766
		_ISR           		CODE           	0008	0000	336
		_LeerHT11      		CODE           	1662	0000	56
		_main          		CODE           	0B4A	0000	564
		_Velocidad     		CODE           	0EC8	0000	244
		_LeerBit       		CODE           	169A	0000	48
		_LeerTeclado   		CODE           	108E	0000	206
		_Transmitir    		CODE           	17EA	0000	12
		_Movimiento    		CODE           	0FBC	0000	210
		_ConvertirUnidades		CODE           	1796	0000	20
		_Password      		CODE           	127C	0000	120
		_LeerByte      		CODE           	171E	0000	34

Proyecto.c estimated size: 2616

LibLCDXC8.h
		_DireccionaLCD 		CODE           	1740	0000	22
		_InicializaLCD 		CODE           	115C	0000	156
		_EnviaDato     		CODE           	151E	0000	70
		_EscribeLCD_c  		CODE           	1756	0000	22
		_HabilitaLCD   		CODE           	17CE	0000	14
		_BorraLCD      		CODE           	1782	0000	20
		_RetardoLCD    		CODE           	1364	0000	102
		_MensajeLCD_Word		CODE           	1482	0000	78
		_ComandoLCD    		CODE           	16CA	0000	46
		_NuevoCaracter 		CODE           	15EC	0000	60

LibLCDXC8.h estimated size: 590

C:\Program Files\Microchip\xc8\v2.40\pic\sources\c90\common\awdiv.c
		___awdiv       		CODE           	11F8	0000	132

C:\Program Files\Microchip\xc8\v2.40\pic\sources\c90\common\awdiv.c estimated size: 132

C:\Program Files\Microchip\xc8\v2.40\pic\sources\c90\common\Umul16.c
		___wmul        		CODE           	16F8	0000	38

C:\Program Files\Microchip\xc8\v2.40\pic\sources\c90\common\Umul16.c estimated size: 38

C:\Program Files\Microchip\xc8\v2.40\pic\sources\c90\common\lwmod.c
		___lwmod       		CODE           	15AA	0000	66

C:\Program Files\Microchip\xc8\v2.40\pic\sources\c90\common\lwmod.c estimated size: 66

shared
		i2_MensajeLCD_Word		CODE           	14D0	0000	78
		i2_EscribeLCD_c		CODE           	176C	0000	22
		i2_EnviaDato   		CODE           	1564	0000	70
		__initialization		CODE           	1628	0000	44
		i2_HabilitaLCD 		CODE           	17DC	0000	14
		i2_BorraLCD    		CODE           	17AA	0000	20
		i2_RetardoLCD  		CODE           	13CA	0000	102

shared estimated size: 350

C:\Program Files\Microchip\xc8\v2.40\pic\sources\c90\common\awmod.c
		___awmod       		CODE           	12F4	0000	112

C:\Program Files\Microchip\xc8\v2.40\pic\sources\c90\common\awmod.c estimated size: 112

C:\Program Files\Microchip\xc8\v2.40\pic\sources\c90\common\lwdiv.c
		___lwdiv       		CODE           	1430	0000	82

C:\Program Files\Microchip\xc8\v2.40\pic\sources\c90\common\lwdiv.c estimated size: 82

