Microchip MPLAB XC8 Compiler V2.40

Linker command line:

-W-3 \
  --edf=C:\Program Files\Microchip\xc8\v2.40\pic\dat\20220703182018_en.msgs \
  -cn -h+dist/default/production\Proyecto.X.production.sym \
  --cmf=dist/default/production\Proyecto.X.production.cmf -z -Q18F4550 \
  -oC:\Users\Andres\AppData\Local\Temp\xcAslgs.4 \
  -Mdist/default/production/Proyecto.X.production.map \
  --md=C:\Users\Andres\AppData\Local\Temp\xcAslgs.dat -E1 -ver=XC8 Compiler \
  -ACODE=00h-07FFFh -ACONST=00h-07FFFh -ASMALLCONST=0800h-08FFhx120 \
  -AMEDIUMCONST=0800h-07FFFh -ACOMRAM=01h-05Fh -AABS1=00h-07FFh \
  -ABIGRAM=01h-07FFh -ARAM=060h-0FFh,0100h-01FFhx7 -ABANK0=060h-0FFh \
  -ABANK1=0100h-01FFh -ABANK2=0200h-02FFh -ABANK3=0300h-03FFh \
  -ABANK4=0400h-04FFh -ABANK5=0500h-05FFh -ABANK6=0600h-06FFh \
  -ABANK7=0700h-07FFh -ASFR=0F60h-0FFFh -ABIGSFR=0F60h-0FFFh \
  -ACONFIG=0300000h-030000Dh -AIDLOC=0200000h-0200007h \
  -AEEDATA=0F00000h-0F000FFh -peeprom_data=EEDATA \
  -preset_vec=00h,intcode=08h,intcodelo,powerup,init -pramtop=0800h \
  -psmallconst=SMALLCONST -pmediumconst=MEDIUMCONST -pconst=CONST \
  -AFARRAM=00h-00h \
  -prdata=COMRAM,nvrram=COMRAM,nvbit=COMRAM,rbss=COMRAM,rbit=COMRAM \
  -pfarbss=FARRAM,fardata=FARRAM,nvFARRAM=FARRAM \
  -pintsave_regs=BIGRAM,bigbss=BIGRAM,bigdata=BIGRAM -pbss=RAM \
  -pidata=CODE,irdata=CODE,ibigdata=CODE,ifardata=CODE -prparam=COMRAM \
  C:\Users\Andres\AppData\Local\Temp\xcAslgs.obj \
  dist/default/production\Proyecto.X.production.obj 

Object code version is 3.11

Machine type is 18F4550



                Name                               Link     Load   Length Selector   Space Scale
C:\Users\Andres\AppData\Local\Temp\xcAslgs.obj
                idloc                            200000   200000        8        0       5
                config                           300000   300000        E        0       4
                init                                  E        E        4        4       0
                reset_vec                             0        0        4        0       0
dist/default/production\Proyecto.X.production.obj
                intcode                               8        8        6        4       0
                idloc                            200000   200000        8        0       5
                config                           300000   300000        E        0       4
                temp                                 4C       4C        1        1       1
                smallconst                          800      800       46      400       0
                text30                             111A     111A       CE      423       0
                text29                             1806     1806        E      423       0
                text28                             1456     1456       66      423       0
                text27                             15A2     15A2       46      423       0
                text26                             17AA     17AA       16      423       0
                intcode_body                        E34      E34      11E      423       0
                text24                             17D4     17D4       14      423       0
                text23                             17F8     17F8        E      423       0
                text22                             13F0     13F0       66      423       0
                text21                             155C     155C       46      423       0
                text20                             17C0     17C0       14      423       0
                text19                             11E8     11E8       9C      423       0
                text18                             16D8     16D8       30      423       0
                text17                             175C     175C       22      423       0
                text16                             16A0     16A0       38      423       0
                text15                             1046     1046       D4      423       0
                text14                             1708     1708       2E      423       0
                text13                             1794     1794       16      423       0
                text12                             162A     162A       3C      423       0
                text11                             177E     177E       16      423       0
                text10                             1308     1308       78      423       0
                text9                              150E     150E       4E      423       0
                text8                              1814     1814        C      423       0
                text7                              1284     1284       84      423       0
                text6                              1380     1380       70      423       0
                text5                              14BC     14BC       52      423       0
                text4                              15E8     15E8       42      423       0
                text3                              1736     1736       26      423       0
                text2                               846      846      3BA      423       0
                text1                               F52      F52       F4      423       0
                text0                               C00      C00      234      423       0
                cstackCOMRAM                          1        1       2F        1       1
                dataCOMRAM                           30       30       10        1       1
                bssCOMRAM                            40       40        C        1       1
                cinit                              1666     1666       3A      423       0
                idataCOMRAM                        17E8     17E8       10      423       0

TOTAL           Name                               Link     Load   Length     Space
        CLASS   CODE           
                intcode                               8        8        6         0
                init                                  E        E        4         0
                reset_vec                             0        0        4         0
                text30                             111A     111A       CE         0
                text29                             1806     1806        E         0
                text28                             1456     1456       66         0
                text27                             15A2     15A2       46         0
                text26                             17AA     17AA       16         0
                intcode_body                        E34      E34      11E         0
                text24                             17D4     17D4       14         0
                text23                             17F8     17F8        E         0
                text22                             13F0     13F0       66         0
                text21                             155C     155C       46         0
                text20                             17C0     17C0       14         0
                text19                             11E8     11E8       9C         0
                text18                             16D8     16D8       30         0
                text17                             175C     175C       22         0
                text16                             16A0     16A0       38         0
                text15                             1046     1046       D4         0
                text14                             1708     1708       2E         0
                text13                             1794     1794       16         0
                text12                             162A     162A       3C         0
                text11                             177E     177E       16         0
                text10                             1308     1308       78         0
                text9                              150E     150E       4E         0
                text8                              1814     1814        C         0
                text7                              1284     1284       84         0
                text6                              1380     1380       70         0
                text5                              14BC     14BC       52         0
                text4                              15E8     15E8       42         0
                text3                              1736     1736       26         0
                text2                               846      846      3BA         0
                text1                               F52      F52       F4         0
                text0                               C00      C00      234         0
                cinit                              1666     1666       3A         0
                idataCOMRAM                        17E8     17E8       10         0

        CLASS   CONST          

        CLASS   SMALLCONST     
                smallconst                          800      800       46         0

        CLASS   MEDIUMCONST    

        CLASS   COMRAM         
                temp                                 4C       4C        1         1
                cstackCOMRAM                          1        1       2F         1
                dataCOMRAM                           30       30       10         1
                bssCOMRAM                            40       40        C         1

        CLASS   ABS1           

        CLASS   BIGRAM         

        CLASS   RAM            

        CLASS   BANK0          

        CLASS   BANK1          

        CLASS   BANK2          

        CLASS   BANK3          

        CLASS   BANK4          

        CLASS   BANK5          

        CLASS   BANK6          

        CLASS   BANK7          

        CLASS   SFR            

        CLASS   BIGSFR         

        CLASS   CONFIG         
                config                           300000   300000        E         4

        CLASS   IDLOC          
                idloc                            200000   200000        8         5

        CLASS   EEDATA         

        CLASS   FARRAM         

        CLASS   HEAP           

        CLASS   STACK          



SEGMENTS        Name                           Load    Length   Top    Selector   Space  Class

                reset_vec                      000000  000004  000004         0       0  CODE    
                cstackCOMRAM                   000001  00004C  00004D         1       1  COMRAM  
                intcode                        000008  00000A  000012         4       0  CODE    
                smallconst                     000800  000046  000846       400       0  SMALLCON
                text2                          000846  000FDA  001820       423       0  CODE    


UNUSED ADDRESS RANGES

        Name                Unused          Largest block    Delta
        BANK0            000060-0000FF               A0
        BANK1            000100-0001FF              100
        BANK2            000200-0002FF              100
        BANK3            000300-0003FF              100
        BANK4            000400-0004FF              100
        BANK5            000500-0005FF              100
        BANK6            000600-0006FF              100
        BANK7            000700-0007FF              100
        BIGRAM           00004D-0007FF              7B3
        BIGSFR           000F60-000FFF               A0
        CODE             000004-000007                4
                         000012-0007FF              7EE
                         001820-007FFF             67E0
        COMRAM           00004D-00005F               13
        CONST            000004-000007                4
                         000012-0007FF              7EE
                         001820-007FFF             67E0
        EEDATA           F00000-F000FF              100
        MEDIUMCONST      001820-007FFF             67E0
        RAM              000060-0007FF              100
        SFR              000F60-000FFF               A0
        SMALLCONST       001820-007FFF              100

                                  Symbol Table

?_Password                 cstackCOMRAM 00000D
?___awdiv                  cstackCOMRAM 000008
?___awmod                  cstackCOMRAM 000010
?___lwdiv                  cstackCOMRAM 000008
?___lwmod                  cstackCOMRAM 000008
?___wmul                   cstackCOMRAM 000008
ComandoLCD@data            cstackCOMRAM 000009
ConvertirUnidades@canal    cstackCOMRAM 000008
DireccionaLCD@a            cstackCOMRAM 00000C
EnviaDato@a                cstackCOMRAM 00000B
EscribeLCD_c@a             cstackCOMRAM 00000C
LeerBit@res                cstackCOMRAM 000008
LeerByte@i                 cstackCOMRAM 00000B
LeerByte@res               cstackCOMRAM 00000A
MensajeLCD_Word@a          cstackCOMRAM 00000D
MensajeLCD_Word@i          cstackCOMRAM 00000F
NuevoCaracter@addr         cstackCOMRAM 00000E
NuevoCaracter@c            cstackCOMRAM 00000D
NuevoCaracter@i            cstackCOMRAM 00000F
Password@F3203             dataCOMRAM   000030
Password@access            cstackCOMRAM 000015
Password@i                 cstackCOMRAM 000017
Password@pass              cstackCOMRAM 00000D
Password@secret            cstackCOMRAM 000011
RetardoLCD@a               cstackCOMRAM 000009
Transmitir@BufferT         cstackCOMRAM 000008
TransmitirDatos@Ent1       cstackCOMRAM 000016
TransmitirDatos@Ent2       cstackCOMRAM 000018
TransmitirDatos@Simb       cstackCOMRAM 000028
TransmitirDatos@TempC      cstackCOMRAM 00002A
TransmitirDatos@n          cstackCOMRAM 00001C
Velocidad@val              cstackCOMRAM 000008
_ADCON0                    (abs)        000FC2
_ADCON1                    (abs)        000FC1
_ADCON2                    (abs)        000FC0
_ADRES                     (abs)        000FC3
_BorraLCD                  text20       0017C0
_CCP1CON                   (abs)        000FBD
_CCP2CON                   (abs)        000FBA
_CCPR1L                    (abs)        000FBE
_CCPR2                     (abs)        000FBB
_ComandoLCD                text14       001708
_Cont                      dataCOMRAM   000036
_ConvertirUnidades         text24       0017D4
_DireccionaLCD             text11       00177E
_EnviaDato                 text21       00155C
_EscribeLCD_c              text13       001794
_GIE                       (abs)        007F97
_GO                        (abs)        007E11
_HabilitaLCD               text23       0017F8
_ISR                       intcode      000008
_InicializaLCD             text19       0011E8
_LATB                      (abs)        000F8A
_LATD                      (abs)        000F8C
_LATE1                     (abs)        007C69
_LATE2                     (abs)        007C6A
_LeerBit                   text18       0016D8
_LeerByte                  text17       00175C
_LeerHT11                  text16       0016A0
_LeerTeclado               text30       00111A
_MensajeLCD_Word           text9        00150E
_Movimiento                text15       001046
_NuevoCaracter             text12       00162A
_OSCCON                    (abs)        000FD3
_PEIE                      (abs)        007F96
_PORTB                     (abs)        000F81
_PR2                       (abs)        000FCB
_Password                  text10       001308
_RA5                       (abs)        007C05
_RB4                       (abs)        007C0C
_RB5                       (abs)        007C0D
_RB6                       (abs)        007C0E
_RB7                       (abs)        007C0F
_RBIE                      (abs)        007F93
_RBIF                      (abs)        007F90
_RBPU                      (abs)        007F8F
_RC2                       (abs)        007C12
_RCREG                     (abs)        000FAE
_RCSTA                     (abs)        000FAB
_RE0                       (abs)        007C20
_RetardoLCD                text22       0013F0
_SPBRG                     (abs)        000FAF
_T0CON                     (abs)        000FD5
_T1CON                     (abs)        000FCD
_T2CON                     (abs)        000FCA
_TMR0                      (abs)        000FD6
_TMR0IE                    (abs)        007F95
_TMR0IF                    (abs)        007F92
_TMR0ON                    (abs)        007EAF
_TMR1                      (abs)        000FCE
_TMR1IE                    (abs)        007CE8
_TMR1IF                    (abs)        007CF0
_TMR1ON                    (abs)        007E68
_TMR2                      (abs)        000FCC
_TMR2ON                    (abs)        007E52
_TRISA                     (abs)        000F92
_TRISA5                    (abs)        007C95
_TRISB                     (abs)        000F93
_TRISC                     (abs)        000F94
_TRISC1                    (abs)        007CA1
_TRISC2                    (abs)        007CA2
_TRISC6                    (abs)        007CA6
_TRISC7                    (abs)        007CA7
_TRISD                     (abs)        000F95
_TRISE0                    (abs)        007CB0
_TRISE1                    (abs)        007CB1
_TRISE2                    (abs)        007CB2
_TRMT                      (abs)        007D61
_TXREG                     (abs)        000FAD
_TXSTA                     (abs)        000FAC
_Tecla                     bssCOMRAM    000046
_Temp                      bssCOMRAM    000047
_Transmitir                text8        001814
_TransmitirDatos           text2        000846
_TransmitirDatos$226       cstackCOMRAM 00001E
_TransmitirDatos$227       cstackCOMRAM 000020
_TransmitirDatos$229       cstackCOMRAM 000022
_TransmitirDatos$230       cstackCOMRAM 000024
_TransmitirDatos$868       cstackCOMRAM 000026
_USBEN                     (abs)        007B6B
_UTRDIS                    (abs)        007B7B
_Velocidad                 text1        000F52
__HRAM                     (abs)        000000
__Habs1                    abs1         000000
__Hbank0                   bank0        000000
__Hbank1                   bank1        000000
__Hbank2                   bank2        000000
__Hbank3                   bank3        000000
__Hbank4                   bank4        000000
__Hbank5                   bank5        000000
__Hbank6                   bank6        000000
__Hbank7                   bank7        000000
__Hbigbss                  bigbss       000000
__Hbigdata                 bigdata      000000
__Hbigram                  bigram       000000
__Hbigsfr                  bigsfr       000000
__Hbss                     bss          000000
__HbssCOMRAM               bssCOMRAM    000000
__Hcinit                   cinit        000000
__Hclrtext                 clrtext      000000
__Hcomram                  comram       000000
__Hconfig                  config       30000E
__Hconst                   const        000000
__HcstackCOMRAM            cstackCOMRAM 000000
__Hdata                    data         000000
__HdataCOMRAM              dataCOMRAM   000000
__Heeprom_data             eeprom_data  000000
__Hfarbss                  farbss       000000
__Hfardata                 fardata      000000
__Hheap                    heap         000000
__Hibigdata                ibigdata     000000
__Hidata                   idata        000000
__HidataCOMRAM             idataCOMRAM  000000
__Hidloc                   idloc        200008
__Hifardata                ifardata     000000
__Hinit                    init         000012
__Hintcode                 intcode      00000E
__Hintcode_body            intcode_body 000000
__Hintcodelo               intcodelo    00000E
__Hintentry                intentry     000000
__Hintret                  intret       000000
__Hintsave_regs            intsave_regs 000000
__Hirdata                  irdata       000000
__Hmediumconst             mediumconst  000000
__HnvFARRAM                nvFARRAM     000000
__Hnvbit                   nvbit        000000
__Hnvrram                  nvrram       000000
__Hparam                   rparam       000000
__Hpowerup                 powerup      00000E
__Hram                     ram          000000
__Hramtop                  ramtop       000800
__Hrbit                    rbit         000000
__Hrbss                    rbss         000000
__Hrdata                   rdata        000000
__Hreset_vec               reset_vec    000004
__Hrparam                  rparam       000000
__Hsfr                     sfr          000000
__Hsmallconst              smallconst   000846
__Hspace_0                 (abs)        001820
__Hspace_1                 (abs)        00004D
__Hspace_2                 (abs)        000000
__Hspace_4                 (abs)        60000E
__Hstack                   stack        000000
__Hstruct                  struct       000000
__Htemp                    temp         00004D
__Htext                    text         000000
__Htext0                   text0        000000
__Htext1                   text1        000000
__Htext10                  text10       000000
__Htext11                  text11       000000
__Htext12                  text12       000000
__Htext13                  text13       000000
__Htext14                  text14       000000
__Htext15                  text15       000000
__Htext16                  text16       000000
__Htext17                  text17       000000
__Htext18                  text18       000000
__Htext19                  text19       000000
__Htext2                   text2        000000
__Htext20                  text20       000000
__Htext21                  text21       000000
__Htext22                  text22       000000
__Htext23                  text23       000000
__Htext24                  text24       000000
__Htext26                  text26       000000
__Htext27                  text27       000000
__Htext28                  text28       000000
__Htext29                  text29       000000
__Htext3                   text3        000000
__Htext30                  text30       000000
__Htext4                   text4        000000
__Htext5                   text5        000000
__Htext6                   text6        000000
__Htext7                   text7        000000
__Htext8                   text8        000000
__Htext9                   text9        000000
__LRAM                     (abs)        000001
__Labs1                    abs1         000000
__Lbank0                   bank0        000000
__Lbank1                   bank1        000000
__Lbank2                   bank2        000000
__Lbank3                   bank3        000000
__Lbank4                   bank4        000000
__Lbank5                   bank5        000000
__Lbank6                   bank6        000000
__Lbank7                   bank7        000000
__Lbigbss                  bigbss       000000
__Lbigdata                 bigdata      000000
__Lbigram                  bigram       000000
__Lbigsfr                  bigsfr       000000
__Lbss                     bss          000000
__LbssCOMRAM               bssCOMRAM    000000
__Lcinit                   cinit        000000
__Lclrtext                 clrtext      000000
__Lcomram                  comram       000000
__Lconfig                  config       000000
__Lconst                   const        000000
__LcstackCOMRAM            cstackCOMRAM 000000
__Ldata                    data         000000
__LdataCOMRAM              dataCOMRAM   000000
__Leeprom_data             eeprom_data  000000
__Lfarbss                  farbss       000000
__Lfardata                 fardata      000000
__Lheap                    heap         000000
__Libigdata                ibigdata     000000
__Lidata                   idata        000000
__LidataCOMRAM             idataCOMRAM  000000
__Lidloc                   idloc        000000
__Lifardata                ifardata     000000
__Linit                    init         00000E
__Lintcode                 intcode      000008
__Lintcode_body            intcode_body 000000
__Lintcodelo               intcodelo    00000E
__Lintentry                intentry     000000
__Lintret                  intret       000000
__Lintsave_regs            intsave_regs 000000
__Lirdata                  irdata       000000
__Lmediumconst             mediumconst  000000
__LnvFARRAM                nvFARRAM     000000
__Lnvbit                   nvbit        000000
__Lnvrram                  nvrram       000000
__Lparam                   rparam       000000
__Lpowerup                 powerup      00000E
__Lram                     ram          000000
__Lramtop                  ramtop       000800
__Lrbit                    rbit         000000
__Lrbss                    rbss         000000
__Lrdata                   rdata        000000
__Lreset_vec               reset_vec    000000
__Lrparam                  rparam       000000
__Lsfr                     sfr          000000
__Lsmallconst              smallconst   000800
__Lspace_0                 (abs)        000000
__Lspace_1                 (abs)        000000
__Lspace_2                 (abs)        000000
__Lspace_4                 (abs)        000000
__Lstack                   stack        000000
__Lstruct                  struct       000000
__Ltemp                    temp         00004C
__Ltext                    text         000000
__Ltext0                   text0        000000
__Ltext1                   text1        000000
__Ltext10                  text10       000000
__Ltext11                  text11       000000
__Ltext12                  text12       000000
__Ltext13                  text13       000000
__Ltext14                  text14       000000
__Ltext15                  text15       000000
__Ltext16                  text16       000000
__Ltext17                  text17       000000
__Ltext18                  text18       000000
__Ltext19                  text19       000000
__Ltext2                   text2        000000
__Ltext20                  text20       000000
__Ltext21                  text21       000000
__Ltext22                  text22       000000
__Ltext23                  text23       000000
__Ltext24                  text24       000000
__Ltext26                  text26       000000
__Ltext27                  text27       000000
__Ltext28                  text28       000000
__Ltext29                  text29       000000
__Ltext3                   text3        000000
__Ltext30                  text30       000000
__Ltext4                   text4        000000
__Ltext5                   text5        000000
__Ltext6                   text6        000000
__Ltext7                   text7        000000
__Ltext8                   text8        000000
__Ltext9                   text9        000000
__S0                       (abs)        001820
__S1                       (abs)        00004D
__S4                       (abs)        000000
__S5                       (abs)        000000
___awdiv                   text7        001284
___awdiv@counter           cstackCOMRAM 00000C
___awdiv@dividend          cstackCOMRAM 000008
___awdiv@divisor           cstackCOMRAM 00000A
___awdiv@quotient          cstackCOMRAM 00000E
___awdiv@sign              cstackCOMRAM 00000D
___awmod                   text6        001380
___awmod@counter           cstackCOMRAM 000014
___awmod@dividend          cstackCOMRAM 000010
___awmod@divisor           cstackCOMRAM 000012
___awmod@sign              cstackCOMRAM 000015
___heap_hi                 (abs)        000000
___heap_lo                 (abs)        000000
___inthi_sp                stack        000000
___intlo_sp                stack        000000
___lwdiv                   text5        0014BC
___lwdiv@counter           cstackCOMRAM 00000E
___lwdiv@dividend          cstackCOMRAM 000008
___lwdiv@divisor           cstackCOMRAM 00000A
___lwdiv@quotient          cstackCOMRAM 00000C
___lwmod                   text4        0015E8
___lwmod@counter           cstackCOMRAM 00000C
___lwmod@dividend          cstackCOMRAM 000008
___lwmod@divisor           cstackCOMRAM 00000A
___param_bank              (abs)        000000
___rparam_used             (abs)        000001
___sp                      stack        000000
___wmul                    text3        001736
___wmul@multiplicand       cstackCOMRAM 00000A
___wmul@multiplier         cstackCOMRAM 000008
___wmul@product            cstackCOMRAM 00000C
__accesstop                (abs)        000060
__activetblptr             (abs)        000002
__end_of_BorraLCD          text20       0017D4
__end_of_ComandoLCD        text14       001736
__end_of_ConvertirUnidades text24       0017E8
__end_of_DireccionaLCD     text11       001794
__end_of_EnviaDato         text21       0015A2
__end_of_EscribeLCD_c      text13       0017AA
__end_of_HabilitaLCD       text23       001806
__end_of_ISR               intcode_body 000F52
__end_of_InicializaLCD     text19       001284
__end_of_LeerBit           text18       001708
__end_of_LeerByte          text17       00177E
__end_of_LeerHT11          text16       0016D8
__end_of_LeerTeclado       text30       0011E8
__end_of_MensajeLCD_Word   text9        00155C
__end_of_Movimiento        text15       00111A
__end_of_NuevoCaracter     text12       001666
__end_of_Password          text10       001380
__end_of_RetardoLCD        text22       001456
__end_of_Transmitir        text8        001820
__end_of_TransmitirDatos   text2        000C00
__end_of_Velocidad         text1        001046
__end_of___awdiv           text7        001308
__end_of___awmod           text6        0013F0
__end_of___lwdiv           text5        00150E
__end_of___lwmod           text4        00162A
__end_of___wmul            text3        00175C
__end_of__initialization   cinit        001692
__end_of_main              text0        000E34
__end_ofi2_EnviaDato       text27       0015E8
__end_ofi2_EscribeLCD_c    text26       0017C0
__end_ofi2_HabilitaLCD     text29       001814
__end_ofi2_RetardoLCD      text28       0014BC
__initialization           cinit        001666
__mediumconst              mediumconst  000000
__pbssCOMRAM               bssCOMRAM    000040
__pcinit                   cinit        001666
__pcstackCOMRAM            cstackCOMRAM 000001
__pdataCOMRAM              dataCOMRAM   000030
__pidataCOMRAM             idataCOMRAM  0017E8
__pintcode                 intcode      000008
__pintcode_body            intcode_body 000E34
__psmallconst              smallconst   000800
__ptext0                   text0        000C00
__ptext1                   text1        000F52
__ptext10                  text10       001308
__ptext11                  text11       00177E
__ptext12                  text12       00162A
__ptext13                  text13       001794
__ptext14                  text14       001708
__ptext15                  text15       001046
__ptext16                  text16       0016A0
__ptext17                  text17       00175C
__ptext18                  text18       0016D8
__ptext19                  text19       0011E8
__ptext2                   text2        000846
__ptext20                  text20       0017C0
__ptext21                  text21       00155C
__ptext22                  text22       0013F0
__ptext23                  text23       0017F8
__ptext24                  text24       0017D4
__ptext26                  text26       0017AA
__ptext27                  text27       0015A2
__ptext28                  text28       001456
__ptext29                  text29       001806
__ptext3                   text3        001736
__ptext30                  text30       00111A
__ptext4                   text4        0015E8
__ptext5                   text5        0014BC
__ptext6                   text6        001380
__ptext7                   text7        001284
__ptext8                   text8        001814
__ptext9                   text9        00150E
__ramtop                   ramtop       000800
__smallconst               smallconst   000800
_a                         dataCOMRAM   000034
_c                         bssCOMRAM    000044
_cara                      dataCOMRAM   000038
_ing                       bssCOMRAM    000048
_interfaz                  dataCOMRAM   000037
_main                      text0        000C00
_teclaIf                   bssCOMRAM    000042
_teclaRecibidaIf           bssCOMRAM    000040
btemp                      temp         00004C
end_of_initialization      cinit        001692
i2EnviaDato@a              cstackCOMRAM 000004
i2EscribeLCD_c@a           cstackCOMRAM 000005
i2RetardoLCD@a             cstackCOMRAM 000002
i2_EnviaDato               text27       0015A2
i2_EscribeLCD_c            text26       0017AA
i2_HabilitaLCD             text29       001806
i2_RetardoLCD              text28       001456
int$flags                  temp         00004C
int_func                   intcode_body 000E34
intlevel0                  text         000000
intlevel1                  text         000000
intlevel2                  text         000000
intlevel3                  text         000000
isa$std                    (abs)        000001
isa$xinst                  (abs)        000000
main@i                     cstackCOMRAM 00002E
stackhi                    (abs)        000000
stacklo                    (abs)        000000
start                      init         00000E
start_initialization       cinit        001666
ttemp5                     temp         00004D
ttemp6                     temp         000050
ttemp7                     temp         000054
wtemp8                     temp         00004D


MODULE INFORMATION

Module		Function		Class		Link	Load	Size
Proyecto.c
		_TransmitirDatos		CODE           	0846	0000	954
		_ISR           		CODE           	0008	0000	292
		_LeerHT11      		CODE           	16A0	0000	56
		_main          		CODE           	0C00	0000	564
		_Velocidad     		CODE           	0F52	0000	244
		_LeerBit       		CODE           	16D8	0000	48
		_LeerTeclado   		CODE           	111A	0000	206
		_Transmitir    		CODE           	1814	0000	12
		_Movimiento    		CODE           	1046	0000	212
		_ConvertirUnidades		CODE           	17D4	0000	20
		_Password      		CODE           	1308	0000	120
		_LeerByte      		CODE           	175C	0000	34

Proyecto.c estimated size: 2762

LibLCDXC8.h
		_DireccionaLCD 		CODE           	177E	0000	22
		_InicializaLCD 		CODE           	11E8	0000	156
		_EnviaDato     		CODE           	155C	0000	70
		_EscribeLCD_c  		CODE           	1794	0000	22
		_HabilitaLCD   		CODE           	17F8	0000	14
		_BorraLCD      		CODE           	17C0	0000	20
		_RetardoLCD    		CODE           	13F0	0000	102
		_MensajeLCD_Word		CODE           	150E	0000	78
		_ComandoLCD    		CODE           	1708	0000	46
		_NuevoCaracter 		CODE           	162A	0000	60

LibLCDXC8.h estimated size: 590

C:\Program Files\Microchip\xc8\v2.40\pic\sources\c90\common\awdiv.c
		___awdiv       		CODE           	1284	0000	132

C:\Program Files\Microchip\xc8\v2.40\pic\sources\c90\common\awdiv.c estimated size: 132

C:\Program Files\Microchip\xc8\v2.40\pic\sources\c90\common\Umul16.c
		___wmul        		CODE           	1736	0000	38

C:\Program Files\Microchip\xc8\v2.40\pic\sources\c90\common\Umul16.c estimated size: 38

C:\Program Files\Microchip\xc8\v2.40\pic\sources\c90\common\lwmod.c
		___lwmod       		CODE           	15E8	0000	66

C:\Program Files\Microchip\xc8\v2.40\pic\sources\c90\common\lwmod.c estimated size: 66

shared
		i2_EscribeLCD_c		CODE           	17AA	0000	22
		i2_EnviaDato   		CODE           	15A2	0000	70
		__initialization		CODE           	1666	0000	44
		i2_HabilitaLCD 		CODE           	1806	0000	14
		i2_RetardoLCD  		CODE           	1456	0000	102

shared estimated size: 252

C:\Program Files\Microchip\xc8\v2.40\pic\sources\c90\common\awmod.c
		___awmod       		CODE           	1380	0000	112

C:\Program Files\Microchip\xc8\v2.40\pic\sources\c90\common\awmod.c estimated size: 112

C:\Program Files\Microchip\xc8\v2.40\pic\sources\c90\common\lwdiv.c
		___lwdiv       		CODE           	14BC	0000	82

C:\Program Files\Microchip\xc8\v2.40\pic\sources\c90\common\lwdiv.c estimated size: 82

